// Jest Snapshot v1, https://goo.gl/fbAQLP

exports[`renders correctly 1`] = `
<div
  id="quote"
>
  <p>
    Enjoy Five before Five
  </p>
  <p>
    Your Youth before your Old Age
  </p>
  <p>
    Your Health before your Illness
  </p>
  <p>
    Your Wealth before your Poverty
  </p>
  <p>
    Your Free Time before your Busyness
  </p>
  <p>
    and Your Life before your Death.
  </p>
  <p
    className="author"
  >
    Prophet Mohammed
  </p>
  <p
    className="author"
  >
    Peace Upon Him
  </p>
</div>
`;
